2026-05-21 13:16:30.821 | WARNING  | verification.xml_parser:safe_parse_xml:301 | Пропуск XML файла (заглушка): Plants_Cultivated_Decorative.xml

2026-05-21 13:19:01.395 | WARNING  | verification.xml_parser:safe_parse_xml:301 | Пропуск XML файла (заглушка): Plants_Cultivated_Decorative.xml

2026-05-21 13:19:08.767 | WARNING  | verification.xml_parser:safe_parse_xml:301 | Пропуск XML файла (заглушка): Apparel_Stocking.xml

2026-05-21 13:19:08.787 | WARNING  | verification.xml_parser:safe_parse_xml:301 | Пропуск XML файла (заглушка): Apparel_Stocking.xml

2026-05-21 13:19:09.034 | WARNING  | verification.xml_parser:safe_parse_xml:301 | Пропуск XML файла (заглушка): Apparel_Stocking.xml

2026-05-21 13:19:09.271 | WARNING  | verification.xml_parser:safe_parse_xml:301 | Пропуск XML файла (заглушка): Apparel_Stocking.xml

2026-05-21 13:19:09.488 | WARNING  | verification.xml_parser:safe_parse_xml:301 | Пропуск XML файла (заглушка): Apparel_Stocking.xml

2026-05-21 13:19:09.772 | WARNING  | verification.xml_parser:safe_parse_xml:301 | Пропуск XML файла (заглушка): Apparel_Stocking.xml

2026-05-21 13:19:10.100 | WARNING  | verification.xml_parser:safe_parse_xml:301 | Пропуск XML файла (заглушка): Apparel_Stocking.xml

2026-05-21 13:19:10.415 | WARNING  | verification.xml_parser:safe_parse_xml:301 | Пропуск XML файла (заглушка): Apparel_Stocking.xml

2026-05-21 13:19:10.641 | WARNING  | verification.xml_parser:safe_parse_xml:301 | Пропуск XML файла (заглушка): Apparel_Stocking.xml

2026-05-21 13:19:10.886 | WARNING  | verification.xml_parser:safe_parse_xml:301 | Пропуск XML файла (заглушка): Apparel_Stocking.xml

2026-05-21 13:19:11.162 | WARNING  | verification.xml_parser:safe_parse_xml:301 | Пропуск XML файла (заглушка): Apparel_Stocking.xml

2026-05-21 13:19:11.185 | WARNING  | verification.xml_parser:safe_parse_xml:301 | Пропуск XML файла (заглушка): Apparel_Stocking.xml

2026-05-21 13:19:12.263 | WARNING  | verification.xml_parser:safe_parse_xml:301 | Пропуск XML файла (заглушка): SteamJapaneseDescription.xml

2026-05-21 13:49:25.336 | WARNING  | verification.xml_parser:safe_parse_xml:301 | Пропуск XML файла (заглушка): Plants_Cultivated_Decorative.xml

2026-05-21 13:49:26.380 | WARNING  | verification.xml_parser:safe_parse_xml:301 | Пропуск XML файла (заглушка): Apparel_Stocking.xml

2026-05-21 13:49:26.389 | WARNING  | verification.xml_parser:safe_parse_xml:301 | Пропуск XML файла (заглушка): Apparel_Stocking.xml

2026-05-21 13:49:26.407 | WARNING  | verification.xml_parser:safe_parse_xml:301 | Пропуск XML файла (заглушка): Apparel_Stocking.xml

2026-05-21 13:49:26.424 | WARNING  | verification.xml_parser:safe_parse_xml:301 | Пропуск XML файла (заглушка): Apparel_Stocking.xml

2026-05-21 13:49:26.441 | WARNING  | verification.xml_parser:safe_parse_xml:301 | Пропуск XML файла (заглушка): Apparel_Stocking.xml

2026-05-21 13:49:26.458 | WARNING  | verification.xml_parser:safe_parse_xml:301 | Пропуск XML файла (заглушка): Apparel_Stocking.xml

2026-05-21 13:49:26.484 | WARNING  | verification.xml_parser:safe_parse_xml:301 | Пропуск XML файла (заглушка): Apparel_Stocking.xml

2026-05-21 13:49:26.501 | WARNING  | verification.xml_parser:safe_parse_xml:301 | Пропуск XML файла (заглушка): Apparel_Stocking.xml

2026-05-21 13:49:26.518 | WARNING  | verification.xml_parser:safe_parse_xml:301 | Пропуск XML файла (заглушка): Apparel_Stocking.xml

2026-05-21 13:49:26.534 | WARNING  | verification.xml_parser:safe_parse_xml:301 | Пропуск XML файла (заглушка): Apparel_Stocking.xml

2026-05-21 13:49:26.575 | WARNING  | verification.xml_parser:safe_parse_xml:301 | Пропуск XML файла (заглушка): Apparel_Stocking.xml

2026-05-21 13:49:26.583 | WARNING  | verification.xml_parser:safe_parse_xml:301 | Пропуск XML файла (заглушка): Apparel_Stocking.xml

2026-05-21 13:49:26.694 | WARNING  | verification.xml_parser:safe_parse_xml:301 | Пропуск XML файла (заглушка): SteamJapaneseDescription.xml

2026-05-21 13:49:33.703 | WARNING  | verification.xml_parser:safe_parse_xml:301 | Пропуск XML файла (заглушка): MoreFloorsDesignationCategories.xml

2026-05-21 13:49:33.703 | WARNING  | verification.xml_parser:safe_parse_xml:301 | Пропуск XML файла (заглушка): MoreFloorsProduction.xml

2026-05-21 13:49:33.709 | WARNING  | verification.xml_parser:safe_parse_xml:301 | Пропуск XML файла (заглушка): MoreFloorsTerrainsCarpet.xml

2026-05-21 13:49:33.716 | WARNING  | verification.xml_parser:safe_parse_xml:301 | Пропуск XML файла (заглушка): MoreFloorsTerrainsMetal.xml

2026-05-21 13:49:33.717 | WARNING  | verification.xml_parser:safe_parse_xml:301 | Пропуск XML файла (заглушка): MoreFloorsTerrainsNatural.xml

2026-05-21 13:49:33.717 | WARNING  | verification.xml_parser:safe_parse_xml:301 | Пропуск XML файла (заглушка): MoreFloorsTerrainsStone.xml

2026-05-21 13:49:33.718 | WARNING  | verification.xml_parser:safe_parse_xml:301 | Пропуск XML файла (заглушка): MoreFloorsTerrainsWood.xml

2026-05-21 13:49:33.718 | WARNING  | verification.xml_parser:safe_parse_xml:301 | Пропуск XML файла (заглушка): MoreFloorsBuildingsProduction.xml

2026-05-21 13:49:33.719 | WARNING  | verification.xml_parser:safe_parse_xml:301 | Пропуск XML файла (заглушка): MoreFloorsResources.xml

2026-05-21 13:49:33.719 | WARNING  | verification.xml_parser:safe_parse_xml:301 | Пропуск XML файла (заглушка): MoreFloorsWorkGivers.xml

2026-05-21 13:49:33.720 | WARNING  | verification.xml_parser:safe_parse_xml:301 | Пропуск XML файла (заглушка): MoreFloorsDesignationCategories.xml

2026-05-21 13:49:33.721 | WARNING  | verification.xml_parser:safe_parse_xml:301 | Пропуск XML файла (заглушка): MoreFloorsProduction.xml

2026-05-21 13:49:33.727 | WARNING  | verification.xml_parser:safe_parse_xml:301 | Пропуск XML файла (заглушка): MoreFloorsTerrainsCarpet.xml

2026-05-21 13:49:33.733 | WARNING  | verification.xml_parser:safe_parse_xml:301 | Пропуск XML файла (заглушка): MoreFloorsTerrainsMetal.xml

2026-05-21 13:49:33.734 | WARNING  | verification.xml_parser:safe_parse_xml:301 | Пропуск XML файла (заглушка): MoreFloorsTerrainsNatural.xml

2026-05-21 13:49:33.734 | WARNING  | verification.xml_parser:safe_parse_xml:301 | Пропуск XML файла (заглушка): MoreFloorsTerrainsStone.xml

2026-05-21 13:49:33.735 | WARNING  | verification.xml_parser:safe_parse_xml:301 | Пропуск XML файла (заглушка): MoreFloorsTerrainsWood.xml

2026-05-21 13:49:33.735 | WARNING  | verification.xml_parser:safe_parse_xml:301 | Пропуск XML файла (заглушка): MoreFloorsBuildingsProduction.xml

2026-05-21 13:49:33.736 | WARNING  | verification.xml_parser:safe_parse_xml:301 | Пропуск XML файла (заглушка): MoreFloorsResources.xml

2026-05-21 13:49:33.736 | WARNING  | verification.xml_parser:safe_parse_xml:301 | Пропуск XML файла (заглушка): MoreFloorsWorkGivers.xml

2026-05-21 13:49:35.547 | WARNING  | verification.xml_parser:safe_parse_xml:301 | Пропуск XML файла (заглушка): RimFridge.xml

2026-05-21 13:49:42.638 | WARNING  | verification.xml_parser:safe_parse_xml:301 | Пропуск XML файла (заглушка): SAHairs.xml

2026-05-21 13:49:45.992 | WARNING  | verification.xml_parser:safe_parse_xml:301 | Пропуск XML файла (заглушка): SAHairs.xml

2026-05-21 13:49:55.244 | WARNING  | verification.xml_parser:safe_parse_xml:301 | Пропуск XML файла (заглушка): Recipes_Meals.xml

2026-05-21 13:49:55.245 | WARNING  | verification.xml_parser:safe_parse_xml:301 | Пропуск XML файла (заглушка): ExpandedCropsBuildings.xml

2026-05-21 13:49:55.245 | WARNING  | verification.xml_parser:safe_parse_xml:301 | Пропуск XML файла (заглушка): ExpandedCropsItemsResources.xml

2026-05-21 13:49:55.246 | WARNING  | verification.xml_parser:safe_parse_xml:301 | Пропуск XML файла (заглушка): ExpandedCropsPlantsCultivated.xml

2026-05-21 13:49:55.247 | WARNING  | verification.xml_parser:safe_parse_xml:301 | Пропуск XML файла (заглушка): Thoughts_Memory_Eating.xml

2026-05-21 13:49:55.256 | WARNING  | verification.xml_parser:safe_parse_xml:301 | Пропуск XML файла (заглушка): Recipes_Meals.xml

2026-05-21 13:49:55.257 | WARNING  | verification.xml_parser:safe_parse_xml:301 | Пропуск XML файла (заглушка): ExpandedCropsBuildings.xml

2026-05-21 13:49:55.257 | WARNING  | verification.xml_parser:safe_parse_xml:301 | Пропуск XML файла (заглушка): ExpandedCropsItemsResources.xml

2026-05-21 13:49:55.258 | WARNING  | verification.xml_parser:safe_parse_xml:301 | Пропуск XML файла (заглушка): ExpandedCropsPlantsCultivated.xml

2026-05-21 13:49:55.259 | WARNING  | verification.xml_parser:safe_parse_xml:301 | Пропуск XML файла (заглушка): Thoughts_Memory_Eating.xml

2026-05-21 13:50:02.889 | WARNING  | verification.xml_parser:safe_parse_xml:301 | Пропуск XML файла (заглушка): MVT_ResearchProjects.xml

2026-05-21 13:50:02.890 | WARNING  | verification.xml_parser:safe_parse_xml:301 | Пропуск XML файла (заглушка): MVT_ResearchTabs.xml

2026-05-21 13:50:02.891 | WARNING  | verification.xml_parser:safe_parse_xml:301 | Пропуск XML файла (заглушка): MVT_Buildings_Security.xml

2026-05-21 13:50:02.891 | WARNING  | verification.xml_parser:safe_parse_xml:301 | Пропуск XML файла (заглушка): MVT_Buildings_Security.xml

2026-05-21 13:50:02.892 | WARNING  | verification.xml_parser:safe_parse_xml:301 | Пропуск XML файла (заглушка): MVT_Buildings_Security_Manned_Bois.xml

2026-05-21 13:50:02.893 | WARNING  | verification.xml_parser:safe_parse_xml:301 | Пропуск XML файла (заглушка): MVT_ResearchProjects.xml

2026-05-21 13:50:02.894 | WARNING  | verification.xml_parser:safe_parse_xml:301 | Пропуск XML файла (заглушка): MVT_ResearchTabs.xml

2026-05-21 13:50:02.894 | WARNING  | verification.xml_parser:safe_parse_xml:301 | Пропуск XML файла (заглушка): MVT_Buildings_Security.xml

2026-05-21 13:50:02.895 | WARNING  | verification.xml_parser:safe_parse_xml:301 | Пропуск XML файла (заглушка): MVT_Buildings_Security.xml

2026-05-21 13:50:02.896 | WARNING  | verification.xml_parser:safe_parse_xml:301 | Пропуск XML файла (заглушка): MVT_Buildings_Security_Manned_Bois.xml

2026-05-21 14:26:02.808 | WARNING  | verification.xml_parser:safe_parse_xml:301 | Пропуск XML файла (заглушка): Plants_Cultivated_Decorative.xml

2026-05-21 14:26:03.828 | WARNING  | verification.xml_parser:safe_parse_xml:301 | Пропуск XML файла (заглушка): Apparel_Stocking.xml

2026-05-21 14:26:03.837 | WARNING  | verification.xml_parser:safe_parse_xml:301 | Пропуск XML файла (заглушка): Apparel_Stocking.xml

2026-05-21 14:26:03.855 | WARNING  | verification.xml_parser:safe_parse_xml:301 | Пропуск XML файла (заглушка): Apparel_Stocking.xml

2026-05-21 14:26:03.870 | WARNING  | verification.xml_parser:safe_parse_xml:301 | Пропуск XML файла (заглушка): Apparel_Stocking.xml

2026-05-21 14:26:03.886 | WARNING  | verification.xml_parser:safe_parse_xml:301 | Пропуск XML файла (заглушка): Apparel_Stocking.xml

2026-05-21 14:26:03.902 | WARNING  | verification.xml_parser:safe_parse_xml:301 | Пропуск XML файла (заглушка): Apparel_Stocking.xml

2026-05-21 14:26:03.927 | WARNING  | verification.xml_parser:safe_parse_xml:301 | Пропуск XML файла (заглушка): Apparel_Stocking.xml

2026-05-21 14:26:03.944 | WARNING  | verification.xml_parser:safe_parse_xml:301 | Пропуск XML файла (заглушка): Apparel_Stocking.xml

2026-05-21 14:26:03.960 | WARNING  | verification.xml_parser:safe_parse_xml:301 | Пропуск XML файла (заглушка): Apparel_Stocking.xml

2026-05-21 14:26:03.977 | WARNING  | verification.xml_parser:safe_parse_xml:301 | Пропуск XML файла (заглушка): Apparel_Stocking.xml

2026-05-21 14:26:04.015 | WARNING  | verification.xml_parser:safe_parse_xml:301 | Пропуск XML файла (заглушка): Apparel_Stocking.xml

2026-05-21 14:26:04.023 | WARNING  | verification.xml_parser:safe_parse_xml:301 | Пропуск XML файла (заглушка): Apparel_Stocking.xml

2026-05-21 14:26:04.133 | WARNING  | verification.xml_parser:safe_parse_xml:301 | Пропуск XML файла (заглушка): SteamJapaneseDescription.xml

2026-05-21 14:26:05.434 | WARNING  | verification.xml_parser:safe_parse_xml:301 | Пропуск XML файла (заглушка): MoreFloorsDesignationCategories.xml

2026-05-21 14:26:05.434 | WARNING  | verification.xml_parser:safe_parse_xml:301 | Пропуск XML файла (заглушка): MoreFloorsProduction.xml

2026-05-21 14:26:05.435 | WARNING  | verification.xml_parser:safe_parse_xml:301 | Пропуск XML файла (заглушка): MoreFloorsTerrainsCarpet.xml

2026-05-21 14:26:05.436 | WARNING  | verification.xml_parser:safe_parse_xml:301 | Пропуск XML файла (заглушка): MoreFloorsTerrainsMetal.xml

2026-05-21 14:26:05.436 | WARNING  | verification.xml_parser:safe_parse_xml:301 | Пропуск XML файла (заглушка): MoreFloorsTerrainsNatural.xml

2026-05-21 14:26:05.437 | WARNING  | verification.xml_parser:safe_parse_xml:301 | Пропуск XML файла (заглушка): MoreFloorsTerrainsStone.xml

2026-05-21 14:26:05.438 | WARNING  | verification.xml_parser:safe_parse_xml:301 | Пропуск XML файла (заглушка): MoreFloorsTerrainsWood.xml

2026-05-21 14:26:05.438 | WARNING  | verification.xml_parser:safe_parse_xml:301 | Пропуск XML файла (заглушка): MoreFloorsBuildingsProduction.xml

2026-05-21 14:26:05.439 | WARNING  | verification.xml_parser:safe_parse_xml:301 | Пропуск XML файла (заглушка): MoreFloorsResources.xml

2026-05-21 14:26:05.439 | WARNING  | verification.xml_parser:safe_parse_xml:301 | Пропуск XML файла (заглушка): MoreFloorsWorkGivers.xml

2026-05-21 14:26:05.440 | WARNING  | verification.xml_parser:safe_parse_xml:301 | Пропуск XML файла (заглушка): MoreFloorsDesignationCategories.xml

2026-05-21 14:26:05.441 | WARNING  | verification.xml_parser:safe_parse_xml:301 | Пропуск XML файла (заглушка): MoreFloorsProduction.xml

2026-05-21 14:26:05.441 | WARNING  | verification.xml_parser:safe_parse_xml:301 | Пропуск XML файла (заглушка): MoreFloorsTerrainsCarpet.xml

2026-05-21 14:26:05.442 | WARNING  | verification.xml_parser:safe_parse_xml:301 | Пропуск XML файла (заглушка): MoreFloorsTerrainsMetal.xml

2026-05-21 14:26:05.443 | WARNING  | verification.xml_parser:safe_parse_xml:301 | Пропуск XML файла (заглушка): MoreFloorsTerrainsNatural.xml

2026-05-21 14:26:05.443 | WARNING  | verification.xml_parser:safe_parse_xml:301 | Пропуск XML файла (заглушка): MoreFloorsTerrainsStone.xml

2026-05-21 14:26:05.444 | WARNING  | verification.xml_parser:safe_parse_xml:301 | Пропуск XML файла (заглушка): MoreFloorsTerrainsWood.xml

2026-05-21 14:26:05.444 | WARNING  | verification.xml_parser:safe_parse_xml:301 | Пропуск XML файла (заглушка): MoreFloorsBuildingsProduction.xml

2026-05-21 14:26:05.445 | WARNING  | verification.xml_parser:safe_parse_xml:301 | Пропуск XML файла (заглушка): MoreFloorsResources.xml

2026-05-21 14:26:05.446 | WARNING  | verification.xml_parser:safe_parse_xml:301 | Пропуск XML файла (заглушка): MoreFloorsWorkGivers.xml

2026-05-21 14:26:05.641 | WARNING  | verification.xml_parser:safe_parse_xml:301 | Пропуск XML файла (заглушка): RimFridge.xml

2026-05-21 14:26:06.072 | WARNING  | verification.xml_parser:safe_parse_xml:301 | Пропуск XML файла (заглушка): SAHairs.xml

2026-05-21 14:26:06.222 | WARNING  | verification.xml_parser:safe_parse_xml:301 | Пропуск XML файла (заглушка): SAHairs.xml

2026-05-21 14:26:06.757 | WARNING  | verification.xml_parser:safe_parse_xml:301 | Пропуск XML файла (заглушка): Recipes_Meals.xml

2026-05-21 14:26:06.758 | WARNING  | verification.xml_parser:safe_parse_xml:301 | Пропуск XML файла (заглушка): ExpandedCropsBuildings.xml

2026-05-21 14:26:06.758 | WARNING  | verification.xml_parser:safe_parse_xml:301 | Пропуск XML файла (заглушка): ExpandedCropsItemsResources.xml

2026-05-21 14:26:06.759 | WARNING  | verification.xml_parser:safe_parse_xml:301 | Пропуск XML файла (заглушка): ExpandedCropsPlantsCultivated.xml

2026-05-21 14:26:06.760 | WARNING  | verification.xml_parser:safe_parse_xml:301 | Пропуск XML файла (заглушка): Thoughts_Memory_Eating.xml

2026-05-21 14:26:06.761 | WARNING  | verification.xml_parser:safe_parse_xml:301 | Пропуск XML файла (заглушка): Recipes_Meals.xml

2026-05-21 14:26:06.761 | WARNING  | verification.xml_parser:safe_parse_xml:301 | Пропуск XML файла (заглушка): ExpandedCropsBuildings.xml

2026-05-21 14:26:06.762 | WARNING  | verification.xml_parser:safe_parse_xml:301 | Пропуск XML файла (заглушка): ExpandedCropsItemsResources.xml

2026-05-21 14:26:06.763 | WARNING  | verification.xml_parser:safe_parse_xml:301 | Пропуск XML файла (заглушка): ExpandedCropsPlantsCultivated.xml

2026-05-21 14:26:06.763 | WARNING  | verification.xml_parser:safe_parse_xml:301 | Пропуск XML файла (заглушка): Thoughts_Memory_Eating.xml

2026-05-21 14:26:07.941 | WARNING  | verification.xml_parser:safe_parse_xml:301 | Пропуск XML файла (заглушка): MVT_ResearchProjects.xml

2026-05-21 14:26:07.941 | WARNING  | verification.xml_parser:safe_parse_xml:301 | Пропуск XML файла (заглушка): MVT_ResearchTabs.xml

2026-05-21 14:26:07.942 | WARNING  | verification.xml_parser:safe_parse_xml:301 | Пропуск XML файла (заглушка): MVT_Buildings_Security.xml

2026-05-21 14:26:07.943 | WARNING  | verification.xml_parser:safe_parse_xml:301 | Пропуск XML файла (заглушка): MVT_Buildings_Security.xml

2026-05-21 14:26:07.943 | WARNING  | verification.xml_parser:safe_parse_xml:301 | Пропуск XML файла (заглушка): MVT_Buildings_Security_Manned_Bois.xml

2026-05-21 14:26:07.944 | WARNING  | verification.xml_parser:safe_parse_xml:301 | Пропуск XML файла (заглушка): MVT_ResearchProjects.xml

2026-05-21 14:26:07.945 | WARNING  | verification.xml_parser:safe_parse_xml:301 | Пропуск XML файла (заглушка): MVT_ResearchTabs.xml

2026-05-21 14:26:07.945 | WARNING  | verification.xml_parser:safe_parse_xml:301 | Пропуск XML файла (заглушка): MVT_Buildings_Security.xml

2026-05-21 14:26:07.946 | WARNING  | verification.xml_parser:safe_parse_xml:301 | Пропуск XML файла (заглушка): MVT_Buildings_Security.xml

2026-05-21 14:26:07.946 | WARNING  | verification.xml_parser:safe_parse_xml:301 | Пропуск XML файла (заглушка): MVT_Buildings_Security_Manned_Bois.xml

2026-05-21 14:26:23.210 | WARNING  | verification.xml_parser:safe_parse_xml:301 | Пропуск XML файла (заглушка): Plants_Cultivated_Decorative.xml

2026-05-21 14:26:24.138 | WARNING  | verification.xml_parser:safe_parse_xml:301 | Пропуск XML файла (заглушка): Apparel_Stocking.xml

2026-05-21 14:26:24.150 | WARNING  | verification.xml_parser:safe_parse_xml:301 | Пропуск XML файла (заглушка): Apparel_Stocking.xml

2026-05-21 14:26:24.172 | WARNING  | verification.xml_parser:safe_parse_xml:301 | Пропуск XML файла (заглушка): Apparel_Stocking.xml

2026-05-21 14:26:24.204 | WARNING  | verification.xml_parser:safe_parse_xml:301 | Пропуск XML файла (заглушка): Apparel_Stocking.xml

2026-05-21 14:26:24.261 | WARNING  | verification.xml_parser:safe_parse_xml:301 | Пропуск XML файла (заглушка): SteamJapaneseDescription.xml

2026-05-21 14:26:24.875 | WARNING  | verification.xml_parser:safe_parse_xml:301 | Пропуск XML файла (заглушка): MoreFloorsDesignationCategories.xml

2026-05-21 14:26:24.876 | WARNING  | verification.xml_parser:safe_parse_xml:301 | Пропуск XML файла (заглушка): MoreFloorsProduction.xml

2026-05-21 14:26:24.877 | WARNING  | verification.xml_parser:safe_parse_xml:301 | Пропуск XML файла (заглушка): MoreFloorsTerrainsCarpet.xml

2026-05-21 14:26:24.878 | WARNING  | verification.xml_parser:safe_parse_xml:301 | Пропуск XML файла (заглушка): MoreFloorsTerrainsMetal.xml

2026-05-21 14:26:24.878 | WARNING  | verification.xml_parser:safe_parse_xml:301 | Пропуск XML файла (заглушка): MoreFloorsTerrainsNatural.xml

2026-05-21 14:26:24.879 | WARNING  | verification.xml_parser:safe_parse_xml:301 | Пропуск XML файла (заглушка): MoreFloorsTerrainsStone.xml

2026-05-21 14:26:24.880 | WARNING  | verification.xml_parser:safe_parse_xml:301 | Пропуск XML файла (заглушка): MoreFloorsTerrainsWood.xml

2026-05-21 14:26:24.880 | WARNING  | verification.xml_parser:safe_parse_xml:301 | Пропуск XML файла (заглушка): MoreFloorsBuildingsProduction.xml

2026-05-21 14:26:24.881 | WARNING  | verification.xml_parser:safe_parse_xml:301 | Пропуск XML файла (заглушка): MoreFloorsResources.xml

2026-05-21 14:26:24.882 | WARNING  | verification.xml_parser:safe_parse_xml:301 | Пропуск XML файла (заглушка): MoreFloorsWorkGivers.xml

2026-05-21 14:26:24.883 | WARNING  | verification.xml_parser:safe_parse_xml:301 | Пропуск XML файла (заглушка): MoreFloorsDesignationCategories.xml

2026-05-21 14:26:24.884 | WARNING  | verification.xml_parser:safe_parse_xml:301 | Пропуск XML файла (заглушка): MoreFloorsProduction.xml

2026-05-21 14:26:24.884 | WARNING  | verification.xml_parser:safe_parse_xml:301 | Пропуск XML файла (заглушка): MoreFloorsTerrainsCarpet.xml

2026-05-21 14:26:24.885 | WARNING  | verification.xml_parser:safe_parse_xml:301 | Пропуск XML файла (заглушка): MoreFloorsTerrainsMetal.xml

2026-05-21 14:26:24.885 | WARNING  | verification.xml_parser:safe_parse_xml:301 | Пропуск XML файла (заглушка): MoreFloorsTerrainsNatural.xml

2026-05-21 14:26:24.886 | WARNING  | verification.xml_parser:safe_parse_xml:301 | Пропуск XML файла (заглушка): MoreFloorsTerrainsStone.xml

2026-05-21 14:26:24.886 | WARNING  | verification.xml_parser:safe_parse_xml:301 | Пропуск XML файла (заглушка): MoreFloorsTerrainsWood.xml

2026-05-21 14:26:24.887 | WARNING  | verification.xml_parser:safe_parse_xml:301 | Пропуск XML файла (заглушка): MoreFloorsBuildingsProduction.xml

2026-05-21 14:26:24.887 | WARNING  | verification.xml_parser:safe_parse_xml:301 | Пропуск XML файла (заглушка): MoreFloorsResources.xml

2026-05-21 14:26:24.888 | WARNING  | verification.xml_parser:safe_parse_xml:301 | Пропуск XML файла (заглушка): MoreFloorsWorkGivers.xml

2026-05-21 14:26:25.072 | WARNING  | verification.xml_parser:safe_parse_xml:301 | Пропуск XML файла (заглушка): RimFridge.xml

2026-05-21 14:26:25.489 | WARNING  | verification.xml_parser:safe_parse_xml:301 | Пропуск XML файла (заглушка): Recipes_Meals.xml

2026-05-21 14:26:25.490 | WARNING  | verification.xml_parser:safe_parse_xml:301 | Пропуск XML файла (заглушка): ExpandedCropsBuildings.xml

2026-05-21 14:26:25.490 | WARNING  | verification.xml_parser:safe_parse_xml:301 | Пропуск XML файла (заглушка): ExpandedCropsItemsResources.xml

2026-05-21 14:26:25.491 | WARNING  | verification.xml_parser:safe_parse_xml:301 | Пропуск XML файла (заглушка): ExpandedCropsPlantsCultivated.xml

2026-05-21 14:26:25.491 | WARNING  | verification.xml_parser:safe_parse_xml:301 | Пропуск XML файла (заглушка): Thoughts_Memory_Eating.xml

2026-05-21 14:26:25.492 | WARNING  | verification.xml_parser:safe_parse_xml:301 | Пропуск XML файла (заглушка): Recipes_Meals.xml

2026-05-21 14:26:25.492 | WARNING  | verification.xml_parser:safe_parse_xml:301 | Пропуск XML файла (заглушка): ExpandedCropsBuildings.xml

2026-05-21 14:26:25.493 | WARNING  | verification.xml_parser:safe_parse_xml:301 | Пропуск XML файла (заглушка): ExpandedCropsItemsResources.xml

2026-05-21 14:26:25.493 | WARNING  | verification.xml_parser:safe_parse_xml:301 | Пропуск XML файла (заглушка): ExpandedCropsPlantsCultivated.xml

2026-05-21 14:26:25.494 | WARNING  | verification.xml_parser:safe_parse_xml:301 | Пропуск XML файла (заглушка): Thoughts_Memory_Eating.xml

2026-05-21 14:26:26.283 | WARNING  | verification.xml_parser:safe_parse_xml:301 | Пропуск XML файла (заглушка): MVT_ResearchProjects.xml

2026-05-21 14:26:26.284 | WARNING  | verification.xml_parser:safe_parse_xml:301 | Пропуск XML файла (заглушка): MVT_ResearchTabs.xml

2026-05-21 14:26:26.284 | WARNING  | verification.xml_parser:safe_parse_xml:301 | Пропуск XML файла (заглушка): MVT_Buildings_Security.xml

2026-05-21 14:26:26.285 | WARNING  | verification.xml_parser:safe_parse_xml:301 | Пропуск XML файла (заглушка): MVT_Buildings_Security.xml

2026-05-21 14:26:26.285 | WARNING  | verification.xml_parser:safe_parse_xml:301 | Пропуск XML файла (заглушка): MVT_Buildings_Security_Manned_Bois.xml

2026-05-21 14:26:26.286 | WARNING  | verification.xml_parser:safe_parse_xml:301 | Пропуск XML файла (заглушка): MVT_ResearchProjects.xml

2026-05-21 14:26:26.286 | WARNING  | verification.xml_parser:safe_parse_xml:301 | Пропуск XML файла (заглушка): MVT_ResearchTabs.xml

2026-05-21 14:26:26.287 | WARNING  | verification.xml_parser:safe_parse_xml:301 | Пропуск XML файла (заглушка): MVT_Buildings_Security.xml

2026-05-21 14:26:26.287 | WARNING  | verification.xml_parser:safe_parse_xml:301 | Пропуск XML файла (заглушка): MVT_Buildings_Security.xml

2026-05-21 14:26:26.288 | WARNING  | verification.xml_parser:safe_parse_xml:301 | Пропуск XML файла (заглушка): MVT_Buildings_Security_Manned_Bois.xml

2026-05-21 15:21:16.454 | WARNING  | verification.xml_parser:safe_parse_xml:301 | Пропуск XML файла (заглушка): Plants_Cultivated_Decorative.xml

2026-05-21 15:21:17.875 | WARNING  | verification.xml_parser:safe_parse_xml:301 | Пропуск XML файла (заглушка): Apparel_Stocking.xml

2026-05-21 15:21:17.885 | WARNING  | verification.xml_parser:safe_parse_xml:301 | Пропуск XML файла (заглушка): Apparel_Stocking.xml

2026-05-21 15:21:17.911 | WARNING  | verification.xml_parser:safe_parse_xml:301 | Пропуск XML файла (заглушка): Apparel_Stocking.xml

2026-05-21 15:21:17.934 | WARNING  | verification.xml_parser:safe_parse_xml:301 | Пропуск XML файла (заглушка): Apparel_Stocking.xml

2026-05-21 15:21:17.960 | WARNING  | verification.xml_parser:safe_parse_xml:301 | Пропуск XML файла (заглушка): Apparel_Stocking.xml

2026-05-21 15:21:17.984 | WARNING  | verification.xml_parser:safe_parse_xml:301 | Пропуск XML файла (заглушка): Apparel_Stocking.xml

2026-05-21 15:21:18.025 | WARNING  | verification.xml_parser:safe_parse_xml:301 | Пропуск XML файла (заглушка): Apparel_Stocking.xml

2026-05-21 15:21:18.051 | WARNING  | verification.xml_parser:safe_parse_xml:301 | Пропуск XML файла (заглушка): Apparel_Stocking.xml

2026-05-21 15:21:18.077 | WARNING  | verification.xml_parser:safe_parse_xml:301 | Пропуск XML файла (заглушка): Apparel_Stocking.xml

2026-05-21 15:21:18.102 | WARNING  | verification.xml_parser:safe_parse_xml:301 | Пропуск XML файла (заглушка): Apparel_Stocking.xml

2026-05-21 15:21:18.163 | WARNING  | verification.xml_parser:safe_parse_xml:301 | Пропуск XML файла (заглушка): Apparel_Stocking.xml

2026-05-21 15:21:18.175 | WARNING  | verification.xml_parser:safe_parse_xml:301 | Пропуск XML файла (заглушка): Apparel_Stocking.xml

2026-05-21 15:21:18.332 | WARNING  | verification.xml_parser:safe_parse_xml:301 | Пропуск XML файла (заглушка): SteamJapaneseDescription.xml

2026-05-21 15:21:20.118 | WARNING  | verification.xml_parser:safe_parse_xml:301 | Пропуск XML файла (заглушка): MoreFloorsDesignationCategories.xml

2026-05-21 15:21:20.119 | WARNING  | verification.xml_parser:safe_parse_xml:301 | Пропуск XML файла (заглушка): MoreFloorsProduction.xml

2026-05-21 15:21:20.120 | WARNING  | verification.xml_parser:safe_parse_xml:301 | Пропуск XML файла (заглушка): MoreFloorsTerrainsCarpet.xml

2026-05-21 15:21:20.120 | WARNING  | verification.xml_parser:safe_parse_xml:301 | Пропуск XML файла (заглушка): MoreFloorsTerrainsMetal.xml

2026-05-21 15:21:20.121 | WARNING  | verification.xml_parser:safe_parse_xml:301 | Пропуск XML файла (заглушка): MoreFloorsTerrainsNatural.xml

2026-05-21 15:21:20.122 | WARNING  | verification.xml_parser:safe_parse_xml:301 | Пропуск XML файла (заглушка): MoreFloorsTerrainsStone.xml

2026-05-21 15:21:20.122 | WARNING  | verification.xml_parser:safe_parse_xml:301 | Пропуск XML файла (заглушка): MoreFloorsTerrainsWood.xml

2026-05-21 15:21:20.123 | WARNING  | verification.xml_parser:safe_parse_xml:301 | Пропуск XML файла (заглушка): MoreFloorsBuildingsProduction.xml

2026-05-21 15:21:20.123 | WARNING  | verification.xml_parser:safe_parse_xml:301 | Пропуск XML файла (заглушка): MoreFloorsResources.xml

2026-05-21 15:21:20.124 | WARNING  | verification.xml_parser:safe_parse_xml:301 | Пропуск XML файла (заглушка): MoreFloorsWorkGivers.xml

2026-05-21 15:21:20.125 | WARNING  | verification.xml_parser:safe_parse_xml:301 | Пропуск XML файла (заглушка): MoreFloorsDesignationCategories.xml

2026-05-21 15:21:20.125 | WARNING  | verification.xml_parser:safe_parse_xml:301 | Пропуск XML файла (заглушка): MoreFloorsProduction.xml

2026-05-21 15:21:20.126 | WARNING  | verification.xml_parser:safe_parse_xml:301 | Пропуск XML файла (заглушка): MoreFloorsTerrainsCarpet.xml

2026-05-21 15:21:20.127 | WARNING  | verification.xml_parser:safe_parse_xml:301 | Пропуск XML файла (заглушка): MoreFloorsTerrainsMetal.xml

2026-05-21 15:21:20.127 | WARNING  | verification.xml_parser:safe_parse_xml:301 | Пропуск XML файла (заглушка): MoreFloorsTerrainsNatural.xml

2026-05-21 15:21:20.128 | WARNING  | verification.xml_parser:safe_parse_xml:301 | Пропуск XML файла (заглушка): MoreFloorsTerrainsStone.xml

2026-05-21 15:21:20.128 | WARNING  | verification.xml_parser:safe_parse_xml:301 | Пропуск XML файла (заглушка): MoreFloorsTerrainsWood.xml

2026-05-21 15:21:20.129 | WARNING  | verification.xml_parser:safe_parse_xml:301 | Пропуск XML файла (заглушка): MoreFloorsBuildingsProduction.xml

2026-05-21 15:21:20.129 | WARNING  | verification.xml_parser:safe_parse_xml:301 | Пропуск XML файла (заглушка): MoreFloorsResources.xml

2026-05-21 15:21:20.130 | WARNING  | verification.xml_parser:safe_parse_xml:301 | Пропуск XML файла (заглушка): MoreFloorsWorkGivers.xml

2026-05-21 15:21:20.390 | WARNING  | verification.xml_parser:safe_parse_xml:301 | Пропуск XML файла (заглушка): RimFridge.xml

2026-05-21 15:21:20.917 | WARNING  | verification.xml_parser:safe_parse_xml:301 | Пропуск XML файла (заглушка): SAHairs.xml

2026-05-21 15:21:21.101 | WARNING  | verification.xml_parser:safe_parse_xml:301 | Пропуск XML файла (заглушка): SAHairs.xml

2026-05-21 15:21:21.730 | WARNING  | verification.xml_parser:safe_parse_xml:301 | Пропуск XML файла (заглушка): Recipes_Meals.xml

2026-05-21 15:21:21.731 | WARNING  | verification.xml_parser:safe_parse_xml:301 | Пропуск XML файла (заглушка): ExpandedCropsBuildings.xml

2026-05-21 15:21:21.732 | WARNING  | verification.xml_parser:safe_parse_xml:301 | Пропуск XML файла (заглушка): ExpandedCropsItemsResources.xml

2026-05-21 15:21:21.732 | WARNING  | verification.xml_parser:safe_parse_xml:301 | Пропуск XML файла (заглушка): ExpandedCropsPlantsCultivated.xml

2026-05-21 15:21:21.733 | WARNING  | verification.xml_parser:safe_parse_xml:301 | Пропуск XML файла (заглушка): Thoughts_Memory_Eating.xml

2026-05-21 15:21:21.734 | WARNING  | verification.xml_parser:safe_parse_xml:301 | Пропуск XML файла (заглушка): Recipes_Meals.xml

2026-05-21 15:21:21.734 | WARNING  | verification.xml_parser:safe_parse_xml:301 | Пропуск XML файла (заглушка): ExpandedCropsBuildings.xml

2026-05-21 15:21:21.735 | WARNING  | verification.xml_parser:safe_parse_xml:301 | Пропуск XML файла (заглушка): ExpandedCropsItemsResources.xml

2026-05-21 15:21:21.735 | WARNING  | verification.xml_parser:safe_parse_xml:301 | Пропуск XML файла (заглушка): ExpandedCropsPlantsCultivated.xml

2026-05-21 15:21:21.736 | WARNING  | verification.xml_parser:safe_parse_xml:301 | Пропуск XML файла (заглушка): Thoughts_Memory_Eating.xml

2026-05-21 15:21:23.015 | WARNING  | verification.xml_parser:safe_parse_xml:301 | Пропуск XML файла (заглушка): MVT_ResearchProjects.xml

2026-05-21 15:21:23.016 | WARNING  | verification.xml_parser:safe_parse_xml:301 | Пропуск XML файла (заглушка): MVT_ResearchTabs.xml

2026-05-21 15:21:23.016 | WARNING  | verification.xml_parser:safe_parse_xml:301 | Пропуск XML файла (заглушка): MVT_Buildings_Security.xml

2026-05-21 15:21:23.017 | WARNING  | verification.xml_parser:safe_parse_xml:301 | Пропуск XML файла (заглушка): MVT_Buildings_Security.xml

2026-05-21 15:21:23.018 | WARNING  | verification.xml_parser:safe_parse_xml:301 | Пропуск XML файла (заглушка): MVT_Buildings_Security_Manned_Bois.xml

2026-05-21 15:21:23.018 | WARNING  | verification.xml_parser:safe_parse_xml:301 | Пропуск XML файла (заглушка): MVT_ResearchProjects.xml

2026-05-21 15:21:23.019 | WARNING  | verification.xml_parser:safe_parse_xml:301 | Пропуск XML файла (заглушка): MVT_ResearchTabs.xml

2026-05-21 15:21:23.020 | WARNING  | verification.xml_parser:safe_parse_xml:301 | Пропуск XML файла (заглушка): MVT_Buildings_Security.xml

2026-05-21 15:21:23.020 | WARNING  | verification.xml_parser:safe_parse_xml:301 | Пропуск XML файла (заглушка): MVT_Buildings_Security.xml

2026-05-21 15:21:23.021 | WARNING  | verification.xml_parser:safe_parse_xml:301 | Пропуск XML файла (заглушка): MVT_Buildings_Security_Manned_Bois.xml

2026-05-21 15:21:31.243 | WARNING  | verification.xml_parser:safe_parse_xml:301 | Пропуск XML файла (заглушка): Items_BodyParts.xml

2026-05-21 17:40:14.497 | WARNING  | verification.xml_parser:safe_parse_xml:301 | Пропуск XML файла (заглушка): Plants_Cultivated_Decorative.xml

2026-05-21 17:40:15.485 | WARNING  | verification.xml_parser:safe_parse_xml:301 | Пропуск XML файла (заглушка): Apparel_Stocking.xml

2026-05-21 17:40:15.493 | WARNING  | verification.xml_parser:safe_parse_xml:301 | Пропуск XML файла (заглушка): Apparel_Stocking.xml

2026-05-21 17:40:15.510 | WARNING  | verification.xml_parser:safe_parse_xml:301 | Пропуск XML файла (заглушка): Apparel_Stocking.xml

2026-05-21 17:40:15.526 | WARNING  | verification.xml_parser:safe_parse_xml:301 | Пропуск XML файла (заглушка): Apparel_Stocking.xml

2026-05-21 17:40:15.542 | WARNING  | verification.xml_parser:safe_parse_xml:301 | Пропуск XML файла (заглушка): Apparel_Stocking.xml

2026-05-21 17:40:15.558 | WARNING  | verification.xml_parser:safe_parse_xml:301 | Пропуск XML файла (заглушка): Apparel_Stocking.xml

2026-05-21 17:40:15.582 | WARNING  | verification.xml_parser:safe_parse_xml:301 | Пропуск XML файла (заглушка): Apparel_Stocking.xml

2026-05-21 17:40:15.598 | WARNING  | verification.xml_parser:safe_parse_xml:301 | Пропуск XML файла (заглушка): Apparel_Stocking.xml

2026-05-21 17:40:15.613 | WARNING  | verification.xml_parser:safe_parse_xml:301 | Пропуск XML файла (заглушка): Apparel_Stocking.xml

2026-05-21 17:40:15.629 | WARNING  | verification.xml_parser:safe_parse_xml:301 | Пропуск XML файла (заглушка): Apparel_Stocking.xml

2026-05-21 17:40:15.666 | WARNING  | verification.xml_parser:safe_parse_xml:301 | Пропуск XML файла (заглушка): Apparel_Stocking.xml

2026-05-21 17:40:15.674 | WARNING  | verification.xml_parser:safe_parse_xml:301 | Пропуск XML файла (заглушка): Apparel_Stocking.xml

2026-05-21 17:40:15.777 | WARNING  | verification.xml_parser:safe_parse_xml:301 | Пропуск XML файла (заглушка): SteamJapaneseDescription.xml

2026-05-21 17:40:16.996 | WARNING  | verification.xml_parser:safe_parse_xml:301 | Пропуск XML файла (заглушка): MoreFloorsDesignationCategories.xml

2026-05-21 17:40:16.996 | WARNING  | verification.xml_parser:safe_parse_xml:301 | Пропуск XML файла (заглушка): MoreFloorsProduction.xml

2026-05-21 17:40:16.997 | WARNING  | verification.xml_parser:safe_parse_xml:301 | Пропуск XML файла (заглушка): MoreFloorsTerrainsCarpet.xml

2026-05-21 17:40:16.998 | WARNING  | verification.xml_parser:safe_parse_xml:301 | Пропуск XML файла (заглушка): MoreFloorsTerrainsMetal.xml

2026-05-21 17:40:16.998 | WARNING  | verification.xml_parser:safe_parse_xml:301 | Пропуск XML файла (заглушка): MoreFloorsTerrainsNatural.xml

2026-05-21 17:40:16.999 | WARNING  | verification.xml_parser:safe_parse_xml:301 | Пропуск XML файла (заглушка): MoreFloorsTerrainsStone.xml

2026-05-21 17:40:16.999 | WARNING  | verification.xml_parser:safe_parse_xml:301 | Пропуск XML файла (заглушка): MoreFloorsTerrainsWood.xml

2026-05-21 17:40:17.000 | WARNING  | verification.xml_parser:safe_parse_xml:301 | Пропуск XML файла (заглушка): MoreFloorsBuildingsProduction.xml

2026-05-21 17:40:17.001 | WARNING  | verification.xml_parser:safe_parse_xml:301 | Пропуск XML файла (заглушка): MoreFloorsResources.xml

2026-05-21 17:40:17.001 | WARNING  | verification.xml_parser:safe_parse_xml:301 | Пропуск XML файла (заглушка): MoreFloorsWorkGivers.xml

2026-05-21 17:40:17.002 | WARNING  | verification.xml_parser:safe_parse_xml:301 | Пропуск XML файла (заглушка): MoreFloorsDesignationCategories.xml

2026-05-21 17:40:17.003 | WARNING  | verification.xml_parser:safe_parse_xml:301 | Пропуск XML файла (заглушка): MoreFloorsProduction.xml

2026-05-21 17:40:17.003 | WARNING  | verification.xml_parser:safe_parse_xml:301 | Пропуск XML файла (заглушка): MoreFloorsTerrainsCarpet.xml

2026-05-21 17:40:17.004 | WARNING  | verification.xml_parser:safe_parse_xml:301 | Пропуск XML файла (заглушка): MoreFloorsTerrainsMetal.xml

2026-05-21 17:40:17.005 | WARNING  | verification.xml_parser:safe_parse_xml:301 | Пропуск XML файла (заглушка): MoreFloorsTerrainsNatural.xml

2026-05-21 17:40:17.005 | WARNING  | verification.xml_parser:safe_parse_xml:301 | Пропуск XML файла (заглушка): MoreFloorsTerrainsStone.xml

2026-05-21 17:40:17.006 | WARNING  | verification.xml_parser:safe_parse_xml:301 | Пропуск XML файла (заглушка): MoreFloorsTerrainsWood.xml

2026-05-21 17:40:17.007 | WARNING  | verification.xml_parser:safe_parse_xml:301 | Пропуск XML файла (заглушка): MoreFloorsBuildingsProduction.xml

2026-05-21 17:40:17.007 | WARNING  | verification.xml_parser:safe_parse_xml:301 | Пропуск XML файла (заглушка): MoreFloorsResources.xml

2026-05-21 17:40:17.008 | WARNING  | verification.xml_parser:safe_parse_xml:301 | Пропуск XML файла (заглушка): MoreFloorsWorkGivers.xml

2026-05-21 17:40:17.195 | WARNING  | verification.xml_parser:safe_parse_xml:301 | Пропуск XML файла (заглушка): RimFridge.xml

2026-05-21 17:40:17.612 | WARNING  | verification.xml_parser:safe_parse_xml:301 | Пропуск XML файла (заглушка): SAHairs.xml

2026-05-21 17:40:17.757 | WARNING  | verification.xml_parser:safe_parse_xml:301 | Пропуск XML файла (заглушка): SAHairs.xml

2026-05-21 17:40:18.271 | WARNING  | verification.xml_parser:safe_parse_xml:301 | Пропуск XML файла (заглушка): Recipes_Meals.xml

2026-05-21 17:40:18.272 | WARNING  | verification.xml_parser:safe_parse_xml:301 | Пропуск XML файла (заглушка): ExpandedCropsBuildings.xml

2026-05-21 17:40:18.272 | WARNING  | verification.xml_parser:safe_parse_xml:301 | Пропуск XML файла (заглушка): ExpandedCropsItemsResources.xml

2026-05-21 17:40:18.273 | WARNING  | verification.xml_parser:safe_parse_xml:301 | Пропуск XML файла (заглушка): ExpandedCropsPlantsCultivated.xml

2026-05-21 17:40:18.274 | WARNING  | verification.xml_parser:safe_parse_xml:301 | Пропуск XML файла (заглушка): Thoughts_Memory_Eating.xml

2026-05-21 17:40:18.274 | WARNING  | verification.xml_parser:safe_parse_xml:301 | Пропуск XML файла (заглушка): Recipes_Meals.xml

2026-05-21 17:40:18.275 | WARNING  | verification.xml_parser:safe_parse_xml:301 | Пропуск XML файла (заглушка): ExpandedCropsBuildings.xml

2026-05-21 17:40:18.275 | WARNING  | verification.xml_parser:safe_parse_xml:301 | Пропуск XML файла (заглушка): ExpandedCropsItemsResources.xml

2026-05-21 17:40:18.276 | WARNING  | verification.xml_parser:safe_parse_xml:301 | Пропуск XML файла (заглушка): ExpandedCropsPlantsCultivated.xml

2026-05-21 17:40:18.277 | WARNING  | verification.xml_parser:safe_parse_xml:301 | Пропуск XML файла (заглушка): Thoughts_Memory_Eating.xml

2026-05-21 17:40:19.358 | WARNING  | verification.xml_parser:safe_parse_xml:301 | Пропуск XML файла (заглушка): MVT_ResearchProjects.xml

2026-05-21 17:40:19.359 | WARNING  | verification.xml_parser:safe_parse_xml:301 | Пропуск XML файла (заглушка): MVT_ResearchTabs.xml

2026-05-21 17:40:19.360 | WARNING  | verification.xml_parser:safe_parse_xml:301 | Пропуск XML файла (заглушка): MVT_Buildings_Security.xml

2026-05-21 17:40:19.360 | WARNING  | verification.xml_parser:safe_parse_xml:301 | Пропуск XML файла (заглушка): MVT_Buildings_Security.xml

2026-05-21 17:40:19.361 | WARNING  | verification.xml_parser:safe_parse_xml:301 | Пропуск XML файла (заглушка): MVT_Buildings_Security_Manned_Bois.xml

2026-05-21 17:40:19.362 | WARNING  | verification.xml_parser:safe_parse_xml:301 | Пропуск XML файла (заглушка): MVT_ResearchProjects.xml

2026-05-21 17:40:19.362 | WARNING  | verification.xml_parser:safe_parse_xml:301 | Пропуск XML файла (заглушка): MVT_ResearchTabs.xml

2026-05-21 17:40:19.363 | WARNING  | verification.xml_parser:safe_parse_xml:301 | Пропуск XML файла (заглушка): MVT_Buildings_Security.xml

2026-05-21 17:40:19.364 | WARNING  | verification.xml_parser:safe_parse_xml:301 | Пропуск XML файла (заглушка): MVT_Buildings_Security.xml

2026-05-21 17:40:19.364 | WARNING  | verification.xml_parser:safe_parse_xml:301 | Пропуск XML файла (заглушка): MVT_Buildings_Security_Manned_Bois.xml

2026-05-21 17:40:23.788 | WARNING  | verification.xml_parser:safe_parse_xml:301 | Пропуск XML файла (заглушка): Items_BodyParts.xml

2026-05-21 17:54:15.372 | WARNING  | verification.xml_parser:safe_parse_xml:301 | Пропуск XML файла (заглушка): Plants_Cultivated_Decorative.xml

2026-05-21 17:54:16.413 | WARNING  | verification.xml_parser:safe_parse_xml:301 | Пропуск XML файла (заглушка): Apparel_Stocking.xml

2026-05-21 17:54:16.421 | WARNING  | verification.xml_parser:safe_parse_xml:301 | Пропуск XML файла (заглушка): Apparel_Stocking.xml

2026-05-21 17:54:16.438 | WARNING  | verification.xml_parser:safe_parse_xml:301 | Пропуск XML файла (заглушка): Apparel_Stocking.xml

2026-05-21 17:54:16.454 | WARNING  | verification.xml_parser:safe_parse_xml:301 | Пропуск XML файла (заглушка): Apparel_Stocking.xml

2026-05-21 17:54:16.470 | WARNING  | verification.xml_parser:safe_parse_xml:301 | Пропуск XML файла (заглушка): Apparel_Stocking.xml

2026-05-21 17:54:16.486 | WARNING  | verification.xml_parser:safe_parse_xml:301 | Пропуск XML файла (заглушка): Apparel_Stocking.xml

2026-05-21 17:54:16.511 | WARNING  | verification.xml_parser:safe_parse_xml:301 | Пропуск XML файла (заглушка): Apparel_Stocking.xml

2026-05-21 17:54:16.527 | WARNING  | verification.xml_parser:safe_parse_xml:301 | Пропуск XML файла (заглушка): Apparel_Stocking.xml

2026-05-21 17:54:16.543 | WARNING  | verification.xml_parser:safe_parse_xml:301 | Пропуск XML файла (заглушка): Apparel_Stocking.xml

2026-05-21 17:54:16.560 | WARNING  | verification.xml_parser:safe_parse_xml:301 | Пропуск XML файла (заглушка): Apparel_Stocking.xml

2026-05-21 17:54:16.598 | WARNING  | verification.xml_parser:safe_parse_xml:301 | Пропуск XML файла (заглушка): Apparel_Stocking.xml

2026-05-21 17:54:16.605 | WARNING  | verification.xml_parser:safe_parse_xml:301 | Пропуск XML файла (заглушка): Apparel_Stocking.xml

2026-05-21 17:54:16.717 | WARNING  | verification.xml_parser:safe_parse_xml:301 | Пропуск XML файла (заглушка): SteamJapaneseDescription.xml

2026-05-21 17:54:17.964 | WARNING  | verification.xml_parser:safe_parse_xml:301 | Пропуск XML файла (заглушка): MoreFloorsDesignationCategories.xml

2026-05-21 17:54:17.965 | WARNING  | verification.xml_parser:safe_parse_xml:301 | Пропуск XML файла (заглушка): MoreFloorsProduction.xml

2026-05-21 17:54:17.966 | WARNING  | verification.xml_parser:safe_parse_xml:301 | Пропуск XML файла (заглушка): MoreFloorsTerrainsCarpet.xml

2026-05-21 17:54:17.967 | WARNING  | verification.xml_parser:safe_parse_xml:301 | Пропуск XML файла (заглушка): MoreFloorsTerrainsMetal.xml

2026-05-21 17:54:17.967 | WARNING  | verification.xml_parser:safe_parse_xml:301 | Пропуск XML файла (заглушка): MoreFloorsTerrainsNatural.xml

2026-05-21 17:54:17.968 | WARNING  | verification.xml_parser:safe_parse_xml:301 | Пропуск XML файла (заглушка): MoreFloorsTerrainsStone.xml

2026-05-21 17:54:17.968 | WARNING  | verification.xml_parser:safe_parse_xml:301 | Пропуск XML файла (заглушка): MoreFloorsTerrainsWood.xml

2026-05-21 17:54:17.969 | WARNING  | verification.xml_parser:safe_parse_xml:301 | Пропуск XML файла (заглушка): MoreFloorsBuildingsProduction.xml

2026-05-21 17:54:17.970 | WARNING  | verification.xml_parser:safe_parse_xml:301 | Пропуск XML файла (заглушка): MoreFloorsResources.xml

2026-05-21 17:54:17.970 | WARNING  | verification.xml_parser:safe_parse_xml:301 | Пропуск XML файла (заглушка): MoreFloorsWorkGivers.xml

2026-05-21 17:54:17.971 | WARNING  | verification.xml_parser:safe_parse_xml:301 | Пропуск XML файла (заглушка): MoreFloorsDesignationCategories.xml

2026-05-21 17:54:17.972 | WARNING  | verification.xml_parser:safe_parse_xml:301 | Пропуск XML файла (заглушка): MoreFloorsProduction.xml

2026-05-21 17:54:17.972 | WARNING  | verification.xml_parser:safe_parse_xml:301 | Пропуск XML файла (заглушка): MoreFloorsTerrainsCarpet.xml

2026-05-21 17:54:17.973 | WARNING  | verification.xml_parser:safe_parse_xml:301 | Пропуск XML файла (заглушка): MoreFloorsTerrainsMetal.xml

2026-05-21 17:54:17.973 | WARNING  | verification.xml_parser:safe_parse_xml:301 | Пропуск XML файла (заглушка): MoreFloorsTerrainsNatural.xml

2026-05-21 17:54:17.974 | WARNING  | verification.xml_parser:safe_parse_xml:301 | Пропуск XML файла (заглушка): MoreFloorsTerrainsStone.xml

2026-05-21 17:54:17.974 | WARNING  | verification.xml_parser:safe_parse_xml:301 | Пропуск XML файла (заглушка): MoreFloorsTerrainsWood.xml

2026-05-21 17:54:17.975 | WARNING  | verification.xml_parser:safe_parse_xml:301 | Пропуск XML файла (заглушка): MoreFloorsBuildingsProduction.xml

2026-05-21 17:54:17.976 | WARNING  | verification.xml_parser:safe_parse_xml:301 | Пропуск XML файла (заглушка): MoreFloorsResources.xml

2026-05-21 17:54:17.976 | WARNING  | verification.xml_parser:safe_parse_xml:301 | Пропуск XML файла (заглушка): MoreFloorsWorkGivers.xml

2026-05-21 17:54:18.166 | WARNING  | verification.xml_parser:safe_parse_xml:301 | Пропуск XML файла (заглушка): RimFridge.xml

2026-05-21 17:54:18.580 | WARNING  | verification.xml_parser:safe_parse_xml:301 | Пропуск XML файла (заглушка): SAHairs.xml

2026-05-21 17:54:18.725 | WARNING  | verification.xml_parser:safe_parse_xml:301 | Пропуск XML файла (заглушка): SAHairs.xml

2026-05-21 17:54:19.239 | WARNING  | verification.xml_parser:safe_parse_xml:301 | Пропуск XML файла (заглушка): Recipes_Meals.xml

2026-05-21 17:54:19.240 | WARNING  | verification.xml_parser:safe_parse_xml:301 | Пропуск XML файла (заглушка): ExpandedCropsBuildings.xml

2026-05-21 17:54:19.240 | WARNING  | verification.xml_parser:safe_parse_xml:301 | Пропуск XML файла (заглушка): ExpandedCropsItemsResources.xml

2026-05-21 17:54:19.241 | WARNING  | verification.xml_parser:safe_parse_xml:301 | Пропуск XML файла (заглушка): ExpandedCropsPlantsCultivated.xml

2026-05-21 17:54:19.242 | WARNING  | verification.xml_parser:safe_parse_xml:301 | Пропуск XML файла (заглушка): Thoughts_Memory_Eating.xml

2026-05-21 17:54:19.242 | WARNING  | verification.xml_parser:safe_parse_xml:301 | Пропуск XML файла (заглушка): Recipes_Meals.xml

2026-05-21 17:54:19.243 | WARNING  | verification.xml_parser:safe_parse_xml:301 | Пропуск XML файла (заглушка): ExpandedCropsBuildings.xml

2026-05-21 17:54:19.244 | WARNING  | verification.xml_parser:safe_parse_xml:301 | Пропуск XML файла (заглушка): ExpandedCropsItemsResources.xml

2026-05-21 17:54:19.244 | WARNING  | verification.xml_parser:safe_parse_xml:301 | Пропуск XML файла (заглушка): ExpandedCropsPlantsCultivated.xml

2026-05-21 17:54:19.245 | WARNING  | verification.xml_parser:safe_parse_xml:301 | Пропуск XML файла (заглушка): Thoughts_Memory_Eating.xml

2026-05-21 17:54:20.353 | WARNING  | verification.xml_parser:safe_parse_xml:301 | Пропуск XML файла (заглушка): MVT_ResearchProjects.xml

2026-05-21 17:54:20.354 | WARNING  | verification.xml_parser:safe_parse_xml:301 | Пропуск XML файла (заглушка): MVT_ResearchTabs.xml

2026-05-21 17:54:20.355 | WARNING  | verification.xml_parser:safe_parse_xml:301 | Пропуск XML файла (заглушка): MVT_Buildings_Security.xml

2026-05-21 17:54:20.355 | WARNING  | verification.xml_parser:safe_parse_xml:301 | Пропуск XML файла (заглушка): MVT_Buildings_Security.xml

2026-05-21 17:54:20.356 | WARNING  | verification.xml_parser:safe_parse_xml:301 | Пропуск XML файла (заглушка): MVT_Buildings_Security_Manned_Bois.xml

2026-05-21 17:54:20.357 | WARNING  | verification.xml_parser:safe_parse_xml:301 | Пропуск XML файла (заглушка): MVT_ResearchProjects.xml

2026-05-21 17:54:20.357 | WARNING  | verification.xml_parser:safe_parse_xml:301 | Пропуск XML файла (заглушка): MVT_ResearchTabs.xml

2026-05-21 17:54:20.358 | WARNING  | verification.xml_parser:safe_parse_xml:301 | Пропуск XML файла (заглушка): MVT_Buildings_Security.xml

2026-05-21 17:54:20.358 | WARNING  | verification.xml_parser:safe_parse_xml:301 | Пропуск XML файла (заглушка): MVT_Buildings_Security.xml

2026-05-21 17:54:20.359 | WARNING  | verification.xml_parser:safe_parse_xml:301 | Пропуск XML файла (заглушка): MVT_Buildings_Security_Manned_Bois.xml

2026-05-21 17:54:26.173 | WARNING  | verification.xml_parser:safe_parse_xml:301 | Пропуск XML файла (заглушка): Items_BodyParts.xml

2026-05-21 17:54:41.107 | WARNING  | utils.Morphy:_process_word:153 | Слово 'Ларри райден' не є прикметником або іменником, пропущено

2026-05-21 17:54:41.112 | WARNING  | utils.Morphy:_process_word:153 | Слово 'Алатал' не є прикметником або іменником, пропущено

2026-05-21 17:54:41.117 | WARNING  | utils.Morphy:_process_word:153 | Слово 'Запечатанный' не є прикметником або іменником, пропущено

2026-05-21 17:54:41.117 | WARNING  | utils.Morphy:_process_word:153 | Слово 'Сира' не є прикметником або іменником, пропущено

2026-05-21 17:54:41.117 | WARNING  | utils.Morphy:_process_word:153 | Слово 'Звонящий' не є прикметником або іменником, пропущено

2026-05-21 17:54:41.119 | WARNING  | utils.Morphy:_process_word:153 | Слово 'Теридрел' не є прикметником або іменником, пропущено

2026-05-21 17:54:41.119 | WARNING  | utils.Morphy:_process_word:153 | Слово 'Читать' не є прикметником або іменником, пропущено

2026-05-21 17:54:41.123 | WARNING  | utils.Morphy:_process_word:153 | Слово 'Ларри Райден' не є прикметником або іменником, пропущено

2026-05-21 17:54:41.129 | WARNING  | utils.Morphy:_process_word:153 | Слово 'Алатал' не є прикметником або іменником, пропущено

2026-05-21 17:54:41.132 | WARNING  | utils.Morphy:_process_word:153 | Слово 'Запечатанный' не є прикметником або іменником, пропущено

2026-05-21 17:54:41.133 | WARNING  | utils.Morphy:_process_word:153 | Слово 'Сира' не є прикметником або іменником, пропущено

2026-05-21 17:54:41.133 | WARNING  | utils.Morphy:_process_word:153 | Слово 'Звонящий' не є прикметником або іменником, пропущено

2026-05-21 17:54:41.134 | WARNING  | utils.Morphy:_process_word:153 | Слово 'Теридрел' не є прикметником або іменником, пропущено

2026-05-21 17:54:41.135 | WARNING  | utils.Morphy:_process_word:153 | Слово 'Читать' не є прикметником або іменником, пропущено

2026-05-21 17:54:41.140 | WARNING  | utils.Morphy:_process_word:153 | Слово 'Хвалебная речь' не є прикметником або іменником, пропущено

2026-05-21 17:54:41.141 | WARNING  | utils.Morphy:_process_word:153 | Слово 'Зена' не є прикметником або іменником, пропущено

2026-05-21 17:54:41.142 | WARNING  | utils.Morphy:_process_word:153 | Слово 'У них нет' не є прикметником або іменником, пропущено

2026-05-21 17:54:41.144 | WARNING  | utils.Morphy:_process_word:153 | Слово 'Род' не є прикметником або іменником, пропущено

2026-05-21 17:54:41.145 | WARNING  | utils.Morphy:_process_word:153 | Слово 'Что' не є прикметником або іменником, пропущено

2026-05-21 17:54:41.147 | WARNING  | utils.Morphy:_process_word:153 | Слово 'Приходить' не є прикметником або іменником, пропущено

2026-05-21 17:54:41.147 | WARNING  | utils.Morphy:_process_word:153 | Слово 'Быть благословленным' не є прикметником або іменником, пропущено

2026-05-21 17:54:41.151 | WARNING  | utils.Morphy:_process_word:153 | Слово 'Лили' не є прикметником або іменником, пропущено

2026-05-21 17:54:41.153 | WARNING  | utils.Morphy:_process_word:153 | Слово 'Айви' не є прикметником або іменником, пропущено

2026-05-21 17:54:41.153 | WARNING  | utils.Morphy:_process_noun:125 | Не вдалося визначити рід іменника: 'Бархатцы'

2026-05-21 17:54:41.155 | WARNING  | utils.Morphy:_process_word:153 | Слово 'Дейзи' не є прикметником або іменником, пропущено

2026-05-21 17:54:41.159 | WARNING  | utils.Morphy:_process_noun:125 | Не вдалося визначити рід іменника: 'Дрова'

2026-05-21 17:54:41.162 | WARNING  | utils.Morphy:_process_word:153 | Слово 'Кофейное зерно' не є прикметником або іменником, пропущено

2026-05-21 17:54:41.165 | WARNING  | utils.Morphy:_process_word:153 | Слово 'принесший' не є прикметником або іменником, пропущено

2026-05-21 17:54:41.166 | WARNING  | utils.Morphy:_process_word:153 | Слово 'цвести' не є прикметником або іменником, пропущено

2026-05-21 17:54:41.167 | WARNING  | utils.Morphy:_process_word:153 | Слово 'падать' не є прикметником або іменником, пропущено

2026-05-21 17:54:41.170 | WARNING  | utils.Morphy:_process_noun:125 | Не вдалося визначити рід іменника: 'Сумерки'

2026-05-21 17:54:41.175 | WARNING  | utils.Morphy:_process_word:153 | Слово 'Ярость земли' не є прикметником або іменником, пропущено

2026-05-21 17:54:41.181 | WARNING  | utils.Morphy:_process_word:153 | Слово 'сторожить' не є прикметником або іменником, пропущено

2026-05-21 17:54:41.184 | WARNING  | utils.Morphy:_process_word:153 | Слово 'цвести' не є прикметником або іменником, пропущено

2026-05-21 17:54:41.184 | WARNING  | utils.Morphy:_process_word:153 | Слово 'цвести' не є прикметником або іменником, пропущено

2026-05-21 17:54:41.196 | WARNING  | utils.Morphy:_process_word:153 | Слово 'лили' не є прикметником або іменником, пропущено

2026-05-21 17:54:41.198 | WARNING  | utils.Morphy:_process_noun:125 | Не вдалося визначити рід іменника: 'бархатцы'

2026-05-21 17:54:41.199 | WARNING  | utils.Morphy:_process_word:153 | Слово 'мята' не є прикметником або іменником, пропущено

2026-05-21 17:54:41.202 | WARNING  | utils.Morphy:_process_word:153 | Слово 'мята' не є прикметником або іменником, пропущено

2026-05-21 17:54:41.207 | WARNING  | utils.Morphy:_process_word:153 | Слово 'доверять' не є прикметником або іменником, пропущено

2026-05-21 17:54:41.214 | WARNING  | utils.Morphy:_process_word:153 | Слово 'кофейное зерно' не є прикметником або іменником, пропущено

2026-05-21 17:54:41.217 | WARNING  | utils.Morphy:_process_word:153 | Слово 'доверять' не є прикметником або іменником, пропущено

2026-05-21 17:54:41.219 | WARNING  | utils.Morphy:_process_word:153 | Слово 'принесший' не є прикметником або іменником, пропущено

2026-05-21 17:54:41.220 | WARNING  | utils.Morphy:_process_word:153 | Слово 'звонящий' не є прикметником або іменником, пропущено

2026-05-21 17:54:41.223 | WARNING  | utils.Morphy:_process_word:153 | Слово 'Сторожить' не є прикметником або іменником, пропущено

2026-05-21 17:54:41.230 | WARNING  | utils.Morphy:_process_word:153 | Слово 'Лили' не є прикметником або іменником, пропущено

2026-05-21 17:54:41.231 | WARNING  | utils.Morphy:_process_word:153 | Слово 'Айви' не є прикметником або іменником, пропущено

2026-05-21 17:54:41.232 | WARNING  | utils.Morphy:_process_noun:125 | Не вдалося визначити рід іменника: 'бархатцы'

2026-05-21 17:54:41.233 | WARNING  | utils.Morphy:_process_word:153 | Слово 'Дейзи' не є прикметником або іменником, пропущено

2026-05-21 17:54:41.245 | WARNING  | utils.Morphy:_process_word:153 | Слово 'Кофейное зерно' не є прикметником або іменником, пропущено

2026-05-21 17:54:41.248 | WARNING  | utils.Morphy:_process_word:153 | Слово 'Доверять' не є прикметником або іменником, пропущено

2026-05-21 17:54:41.251 | WARNING  | utils.Morphy:_process_word:153 | Слово 'Приносящий' не є прикметником або іменником, пропущено

2026-05-21 17:54:41.252 | WARNING  | utils.Morphy:_process_word:153 | Слово 'Звонящий' не є прикметником або іменником, пропущено

2026-05-21 17:56:41.276 | WARNING  | translation.translator:translate:417 | Partial translation detected, skipping: 'Ratkin HandMaiden...' -> 'Раткин HandMaiden...'

2026-05-21 17:59:33.418 | WARNING  | translation.translator:translate:417 | Partial translation detected, skipping: 'running at TargetA....' -> 'работает в TargetA....'

2026-05-21 18:00:00.271 | WARNING  | translation.translator:translate:417 | Partial translation detected, skipping: 'archotech ratkin tail...' -> 'archotech крысиный хвост...'

2026-05-21 18:00:06.635 | WARNING  | translation.translator:translate:417 | Partial translation detected, skipping: 'install archotech ratkin tail...' -> 'установить archotech ratkin tail...'

2026-05-21 18:00:07.695 | WARNING  | translation.translator:translate:417 | Partial translation detected, skipping: 'Installing archotech ratkin tail....' -> 'Установка archotech ratkin tail....'

2026-05-21 18:06:10.550 | WARNING  | translation.translator:translate:417 | Partial translation detected, skipping: 'RatHolic gun bullet...' -> 'Пуля из пистолета ratholic...'

